C51 COMPILER V9.60.0.0   10_7_SEGMENT_ARRAY                                                05/03/2020 15:48:07 PAGE 1   


C51 COMPILER V9.60.0.0, COMPILATION OF MODULE 10_7_SEGMENT_ARRAY
OBJECT MODULE PLACED IN .\Objects\10_7_Segment_array.obj
COMPILER INVOKED BY: C:\Keil_v5\C51\BIN\C51.EXE 10_7_Segment_array.c OPTIMIZE(8,SPEED) BROWSE DEBUG OBJECTEXTEND PRINT(.
                    -\Listings\10_7_Segment_array.lst) TABS(2) OBJECT(.\Objects\10_7_Segment_array.obj)

line level    source

   1          #include<reg51.h>
   2          unsigned char seg[15] = {0x00,0x06,0x5b,0x4f,0x66,0x6d,0x7d,0x7f,0x6f,0x77,0x7c,0x39,0x5e,0x79,0x71};
   3          unsigned int i, numbers;
   4          void main(void)
   5          {
   6   1        while(1)
   7   1        {
   8   2        for(numbers=0;numbers<15;numbers++)
   9   2          {
  10   3        P2 = seg[numbers];
  11   3        for(i=0;i<40000;i++);
  12   3        }
  13   2        }
  14   1      }


MODULE INFORMATION:   STATIC OVERLAYABLE
   CODE SIZE        =     63    ----
   CONSTANT SIZE    =   ----    ----
   XDATA SIZE       =   ----    ----
   PDATA SIZE       =   ----    ----
   DATA SIZE        =     19    ----
   IDATA SIZE       =   ----    ----
   BIT SIZE         =   ----    ----
END OF MODULE INFORMATION.


C51 COMPILATION COMPLETE.  0 WARNING(S),  0 ERROR(S)
